// Jest Snapshot v1, https://goo.gl/fbAQLP

exports[`Should render the results page 1`] = `null`;
